// Jest Snapshot v1, https://goo.gl/fbAQLP

exports[`Genographic page Ensure snapshot match 1`] = `
<main>
  <p>
    In 2016, I sent my DNA to the now-defunct National Geographic Genographic project to both help drive research and to learn something about the immense journey that brought me here. Below are the results from my participation in that project. People who know me will not be surprised to learn that my ancestors were "[h]unters of megafauna such as the woolly mammoth." ðŸ˜†
  </p>
  <figure
    class="sc-bdnxRM lpgUIQ"
  >
    <a
      href="test-file-stub"
    />
    <figcaption
      class="sc-gtsrHT bsjUbs"
    >
      Click or tap on the image for the full 18-page PDF report.
    </figcaption>
  </figure>
</main>
`;
