// Jest Snapshot v1, https://goo.gl/fbAQLP

exports[`Humor page Ensure snapshot match 1`] = `
<main>
  <title>
    Humor | dbowland.com
  </title>
  <h1>
    Ha!
  </h1>
  <button>
    Next joke
  </button>
</main>
`;
